// Vitest Snapshot v1, https://vitest.dev/guide/snapshot.html

exports[`html-only template (no binding) 1`] = `
Node {
  "end": 50,
  "loc": SourceLocation {
    "end": Position {
      "column": 50,
      "line": 1,
    },
    "start": Position {
      "column": 23,
      "line": 1,
    },
  },
  "quasi": Node {
    "end": 50,
    "expressions": [],
    "loc": SourceLocation {
      "end": Position {
        "column": 50,
        "line": 1,
      },
      "start": Position {
        "column": 24,
        "line": 1,
      },
    },
    "quasis": [
      Node {
        "end": 49,
        "loc": SourceLocation {
          "end": Position {
            "column": 49,
            "line": 1,
          },
          "start": Position {
            "column": 25,
            "line": 1,
          },
        },
        "start": 25,
        "tail": true,
        "type": "TemplateElement",
        "value": {
          "cooked": "<span>hello world</span>",
          "raw": "<span>hello world</span>",
        },
      },
    ],
    "start": 24,
    "type": "TemplateLiteral",
  },
  "start": 23,
  "tag": Node {
    "end": 24,
    "loc": SourceLocation {
      "end": Position {
        "column": 24,
        "line": 1,
      },
      "start": Position {
        "column": 23,
        "line": 1,
      },
    },
    "name": "_",
    "start": 23,
    "type": "Identifier",
  },
  "type": "TaggedTemplateExpression",
}
`;
